../Core/Src/main.c:134:5:__io_putchar	16	static
../Core/Src/main.c:145:6:generate_sine_table	24	static
../Core/Src/main.c:153:6:calculateFFT	20648	dynamic
../Core/Src/main.c:275:6:FundamentalToNote	40	static
../Core/Src/main.c:294:5:main	32	static
../Core/Src/main.c:362:6:SystemClock_Config	88	static
../Core/Src/main.c:417:13:MX_ADC1_Init	24	static
../Core/Src/main.c:469:13:MX_DAC_Init	16	static
../Core/Src/main.c:509:13:MX_TIM2_Init	64	static
../Core/Src/main.c:568:13:MX_USART2_UART_Init	8	static
../Core/Src/main.c:601:13:MX_USART3_UART_Init	8	static
../Core/Src/main.c:632:13:MX_DMA_Init	16	static
../Core/Src/main.c:657:13:MX_GPIO_Init	48	static
../Core/Src/main.c:707:6:HAL_ADC_ConvCpltCallback	40	static
../Core/Src/main.c:786:6:HAL_ADC_ConvHalfCpltCallback	40	static
../Core/Src/main.c:877:6:Error_Handler	4	static,ignoring_inline_asm
